{
    "Runs with BAM file including different header contigs": {
        "content": [
            "variants_ann.txt:md5,c2aa6c45193a921f4a20238fe9bf6cd8"
        ],
        "timestamp": "2024-01-10T13:45:32.689184313"
    },
    "Runs with single BAM file and mutserve": {
        "content": [
            "variants_ann.txt:md5,606016ca87ca11897119066253d53c62"
        ],
        "timestamp": "2024-01-10T13:47:14.24639646"
    }
}